------------------------------------------------------------
Timing Analyzer Summary
------------------------------------------------------------

Type  : Slow 1100mV 85C Model Setup 'clk_vga'
Slack : -12.098
TNS   : -298.844

Type  : Slow 1100mV 85C Model Setup 'clk_dram'
Slack : -3.293
TNS   : -116.038

Type  : Slow 1100mV 85C Model Setup 'CLOCK_50'
Slack : 0.243
TNS   : 0.000

Type  : Slow 1100mV 85C Model Setup 'The_System|system_pll|sys_pll|altera_pll_i|general[0].gpll~PLL_OUTPUT_COUNTER|divclk'
Slack : 1.584
TNS   : 0.000

Type  : Slow 1100mV 85C Model Setup 'Computer_System:The_System|Computer_System_ARM_A9_HPS:arm_a9_hps|Computer_System_ARM_A9_HPS_hps_io:hps_io|Computer_System_ARM_A9_HPS_hps_io_border:border|hps_sdram:hps_sdram_inst|hps_sdram_pll:pll|afi_clk_write_clk'
Slack : 1.730
TNS   : 0.000

Type  : Slow 1100mV 85C Model Setup 'The_System|vga_subsystem|vga_pll|video_pll|altera_pll_i|general[1].gpll~PLL_OUTPUT_COUNTER|divclk'
Slack : 35.196
TNS   : 0.000

Type  : Slow 1100mV 85C Model Hold 'The_System|system_pll|sys_pll|altera_pll_i|general[0].gpll~PLL_OUTPUT_COUNTER|divclk'
Slack : -3.678
TNS   : -57.492

Type  : Slow 1100mV 85C Model Hold 'The_System|vga_subsystem|vga_pll|video_pll|altera_pll_i|general[1].gpll~PLL_OUTPUT_COUNTER|divclk'
Slack : 0.078
TNS   : 0.000

Type  : Slow 1100mV 85C Model Hold 'Computer_System:The_System|Computer_System_ARM_A9_HPS:arm_a9_hps|Computer_System_ARM_A9_HPS_hps_io:hps_io|Computer_System_ARM_A9_HPS_hps_io_border:border|hps_sdram:hps_sdram_inst|hps_sdram_pll:pll|afi_clk_write_clk'
Slack : 0.143
TNS   : 0.000

Type  : Slow 1100mV 85C Model Hold 'CLOCK_50'
Slack : 0.285
TNS   : 0.000

Type  : Slow 1100mV 85C Model Hold 'clk_vga'
Slack : 8.370
TNS   : 0.000

Type  : Slow 1100mV 85C Model Hold 'clk_dram'
Slack : 9.050
TNS   : 0.000

Type  : Slow 1100mV 85C Model Recovery 'The_System|system_pll|sys_pll|altera_pll_i|general[0].gpll~PLL_OUTPUT_COUNTER|divclk'
Slack : 2.511
TNS   : 0.000

Type  : Slow 1100mV 85C Model Recovery 'Computer_System:The_System|Computer_System_ARM_A9_HPS:arm_a9_hps|Computer_System_ARM_A9_HPS_hps_io:hps_io|Computer_System_ARM_A9_HPS_hps_io_border:border|hps_sdram:hps_sdram_inst|hps_sdram_pll:pll|afi_clk_write_clk'
Slack : 3.375
TNS   : 0.000

Type  : Slow 1100mV 85C Model Removal 'Computer_System:The_System|Computer_System_ARM_A9_HPS:arm_a9_hps|Computer_System_ARM_A9_HPS_hps_io:hps_io|Computer_System_ARM_A9_HPS_hps_io_border:border|hps_sdram:hps_sdram_inst|hps_sdram_pll:pll|afi_clk_write_clk'
Slack : 0.470
TNS   : 0.000

Type  : Slow 1100mV 85C Model Removal 'The_System|system_pll|sys_pll|altera_pll_i|general[0].gpll~PLL_OUTPUT_COUNTER|divclk'
Slack : 1.009
TNS   : 0.000

Type  : Slow 1100mV 85C Model Minimum Pulse Width 'Computer_System:The_System|Computer_System_ARM_A9_HPS:arm_a9_hps|Computer_System_ARM_A9_HPS_hps_io:hps_io|Computer_System_ARM_A9_HPS_hps_io_border:border|hps_sdram:hps_sdram_inst|hps_sdram_pll:pll|pll_write_clk_dq_write_clk'
Slack : 0.608
TNS   : 0.000

Type  : Slow 1100mV 85C Model Minimum Pulse Width 'Computer_System:The_System|Computer_System_ARM_A9_HPS:arm_a9_hps|Computer_System_ARM_A9_HPS_hps_io:hps_io|Computer_System_ARM_A9_HPS_hps_io_border:border|hps_sdram:hps_sdram_inst|hps_sdram_pll:pll|afi_clk_write_clk'
Slack : 0.623
TNS   : 0.000

Type  : Slow 1100mV 85C Model Minimum Pulse Width 'The_System|system_pll|sys_pll|altera_pll_i|general[0].gpll~FRACTIONAL_PLL|vcoph[0]'
Slack : 1.000
TNS   : 0.000

Type  : Slow 1100mV 85C Model Minimum Pulse Width 'The_System|vga_subsystem|vga_pll|video_pll|altera_pll_i|general[0].gpll~FRACTIONAL_PLL|vcoph[0]'
Slack : 1.666
TNS   : 0.000

Type  : Slow 1100mV 85C Model Minimum Pulse Width 'The_System|system_pll|sys_pll|altera_pll_i|general[0].gpll~PLL_OUTPUT_COUNTER|divclk'
Slack : 3.767
TNS   : 0.000

Type  : Slow 1100mV 85C Model Minimum Pulse Width 'The_System|system_pll|sys_pll|altera_pll_i|general[1].gpll~PLL_OUTPUT_COUNTER|divclk'
Slack : 4.851
TNS   : 0.000

Type  : Slow 1100mV 85C Model Minimum Pulse Width 'CLOCK_50'
Slack : 8.869
TNS   : 0.000

Type  : Slow 1100mV 85C Model Minimum Pulse Width 'CLOCK2_50'
Slack : 9.670
TNS   : 0.000

Type  : Slow 1100mV 85C Model Minimum Pulse Width 'The_System|vga_subsystem|vga_pll|video_pll|altera_pll_i|general[1].gpll~PLL_OUTPUT_COUNTER|divclk'
Slack : 18.771
TNS   : 0.000

Type  : Slow 1100mV 0C Model Setup 'clk_vga'
Slack : -11.830
TNS   : -291.792

Type  : Slow 1100mV 0C Model Setup 'clk_dram'
Slack : -3.055
TNS   : -107.247

Type  : Slow 1100mV 0C Model Setup 'CLOCK_50'
Slack : 0.516
TNS   : 0.000

Type  : Slow 1100mV 0C Model Setup 'Computer_System:The_System|Computer_System_ARM_A9_HPS:arm_a9_hps|Computer_System_ARM_A9_HPS_hps_io:hps_io|Computer_System_ARM_A9_HPS_hps_io_border:border|hps_sdram:hps_sdram_inst|hps_sdram_pll:pll|afi_clk_write_clk'
Slack : 1.727
TNS   : 0.000

Type  : Slow 1100mV 0C Model Setup 'The_System|system_pll|sys_pll|altera_pll_i|general[0].gpll~PLL_OUTPUT_COUNTER|divclk'
Slack : 1.915
TNS   : 0.000

Type  : Slow 1100mV 0C Model Setup 'The_System|vga_subsystem|vga_pll|video_pll|altera_pll_i|general[1].gpll~PLL_OUTPUT_COUNTER|divclk'
Slack : 35.053
TNS   : 0.000

Type  : Slow 1100mV 0C Model Hold 'The_System|system_pll|sys_pll|altera_pll_i|general[0].gpll~PLL_OUTPUT_COUNTER|divclk'
Slack : -3.980
TNS   : -62.277

Type  : Slow 1100mV 0C Model Hold 'The_System|vga_subsystem|vga_pll|video_pll|altera_pll_i|general[1].gpll~PLL_OUTPUT_COUNTER|divclk'
Slack : -0.010
TNS   : -0.010

Type  : Slow 1100mV 0C Model Hold 'Computer_System:The_System|Computer_System_ARM_A9_HPS:arm_a9_hps|Computer_System_ARM_A9_HPS_hps_io:hps_io|Computer_System_ARM_A9_HPS_hps_io_border:border|hps_sdram:hps_sdram_inst|hps_sdram_pll:pll|afi_clk_write_clk'
Slack : 0.162
TNS   : 0.000

Type  : Slow 1100mV 0C Model Hold 'CLOCK_50'
Slack : 0.260
TNS   : 0.000

Type  : Slow 1100mV 0C Model Hold 'clk_vga'
Slack : 8.211
TNS   : 0.000

Type  : Slow 1100mV 0C Model Hold 'clk_dram'
Slack : 8.897
TNS   : 0.000

Type  : Slow 1100mV 0C Model Recovery 'The_System|system_pll|sys_pll|altera_pll_i|general[0].gpll~PLL_OUTPUT_COUNTER|divclk'
Slack : 2.602
TNS   : 0.000

Type  : Slow 1100mV 0C Model Recovery 'Computer_System:The_System|Computer_System_ARM_A9_HPS:arm_a9_hps|Computer_System_ARM_A9_HPS_hps_io:hps_io|Computer_System_ARM_A9_HPS_hps_io_border:border|hps_sdram:hps_sdram_inst|hps_sdram_pll:pll|afi_clk_write_clk'
Slack : 3.468
TNS   : 0.000

Type  : Slow 1100mV 0C Model Removal 'Computer_System:The_System|Computer_System_ARM_A9_HPS:arm_a9_hps|Computer_System_ARM_A9_HPS_hps_io:hps_io|Computer_System_ARM_A9_HPS_hps_io_border:border|hps_sdram:hps_sdram_inst|hps_sdram_pll:pll|afi_clk_write_clk'
Slack : 0.460
TNS   : 0.000

Type  : Slow 1100mV 0C Model Removal 'The_System|system_pll|sys_pll|altera_pll_i|general[0].gpll~PLL_OUTPUT_COUNTER|divclk'
Slack : 0.933
TNS   : 0.000

Type  : Slow 1100mV 0C Model Minimum Pulse Width 'Computer_System:The_System|Computer_System_ARM_A9_HPS:arm_a9_hps|Computer_System_ARM_A9_HPS_hps_io:hps_io|Computer_System_ARM_A9_HPS_hps_io_border:border|hps_sdram:hps_sdram_inst|hps_sdram_pll:pll|pll_write_clk_dq_write_clk'
Slack : 0.613
TNS   : 0.000

Type  : Slow 1100mV 0C Model Minimum Pulse Width 'Computer_System:The_System|Computer_System_ARM_A9_HPS:arm_a9_hps|Computer_System_ARM_A9_HPS_hps_io:hps_io|Computer_System_ARM_A9_HPS_hps_io_border:border|hps_sdram:hps_sdram_inst|hps_sdram_pll:pll|afi_clk_write_clk'
Slack : 0.630
TNS   : 0.000

Type  : Slow 1100mV 0C Model Minimum Pulse Width 'The_System|system_pll|sys_pll|altera_pll_i|general[0].gpll~FRACTIONAL_PLL|vcoph[0]'
Slack : 1.000
TNS   : 0.000

Type  : Slow 1100mV 0C Model Minimum Pulse Width 'The_System|vga_subsystem|vga_pll|video_pll|altera_pll_i|general[0].gpll~FRACTIONAL_PLL|vcoph[0]'
Slack : 1.666
TNS   : 0.000

Type  : Slow 1100mV 0C Model Minimum Pulse Width 'The_System|system_pll|sys_pll|altera_pll_i|general[0].gpll~PLL_OUTPUT_COUNTER|divclk'
Slack : 3.745
TNS   : 0.000

Type  : Slow 1100mV 0C Model Minimum Pulse Width 'The_System|system_pll|sys_pll|altera_pll_i|general[1].gpll~PLL_OUTPUT_COUNTER|divclk'
Slack : 4.814
TNS   : 0.000

Type  : Slow 1100mV 0C Model Minimum Pulse Width 'CLOCK_50'
Slack : 8.900
TNS   : 0.000

Type  : Slow 1100mV 0C Model Minimum Pulse Width 'CLOCK2_50'
Slack : 9.673
TNS   : 0.000

Type  : Slow 1100mV 0C Model Minimum Pulse Width 'The_System|vga_subsystem|vga_pll|video_pll|altera_pll_i|general[1].gpll~PLL_OUTPUT_COUNTER|divclk'
Slack : 18.740
TNS   : 0.000

Type  : Fast 1100mV 85C Model Setup 'clk_vga'
Slack : -7.357
TNS   : -181.690

Type  : Fast 1100mV 85C Model Setup 'clk_dram'
Slack : 1.527
TNS   : 0.000

Type  : Fast 1100mV 85C Model Setup 'Computer_System:The_System|Computer_System_ARM_A9_HPS:arm_a9_hps|Computer_System_ARM_A9_HPS_hps_io:hps_io|Computer_System_ARM_A9_HPS_hps_io_border:border|hps_sdram:hps_sdram_inst|hps_sdram_pll:pll|afi_clk_write_clk'
Slack : 2.110
TNS   : 0.000

Type  : Fast 1100mV 85C Model Setup 'The_System|system_pll|sys_pll|altera_pll_i|general[0].gpll~PLL_OUTPUT_COUNTER|divclk'
Slack : 3.409
TNS   : 0.000

Type  : Fast 1100mV 85C Model Setup 'CLOCK_50'
Slack : 4.171
TNS   : 0.000

Type  : Fast 1100mV 85C Model Setup 'The_System|vga_subsystem|vga_pll|video_pll|altera_pll_i|general[1].gpll~PLL_OUTPUT_COUNTER|divclk'
Slack : 36.875
TNS   : 0.000

Type  : Fast 1100mV 85C Model Hold 'The_System|system_pll|sys_pll|altera_pll_i|general[0].gpll~PLL_OUTPUT_COUNTER|divclk'
Slack : -1.643
TNS   : -25.386

Type  : Fast 1100mV 85C Model Hold 'The_System|vga_subsystem|vga_pll|video_pll|altera_pll_i|general[1].gpll~PLL_OUTPUT_COUNTER|divclk'
Slack : 0.070
TNS   : 0.000

Type  : Fast 1100mV 85C Model Hold 'Computer_System:The_System|Computer_System_ARM_A9_HPS:arm_a9_hps|Computer_System_ARM_A9_HPS_hps_io:hps_io|Computer_System_ARM_A9_HPS_hps_io_border:border|hps_sdram:hps_sdram_inst|hps_sdram_pll:pll|afi_clk_write_clk'
Slack : 0.084
TNS   : 0.000

Type  : Fast 1100mV 85C Model Hold 'CLOCK_50'
Slack : 0.163
TNS   : 0.000

Type  : Fast 1100mV 85C Model Hold 'clk_vga'
Slack : 4.369
TNS   : 0.000

Type  : Fast 1100mV 85C Model Hold 'clk_dram'
Slack : 5.096
TNS   : 0.000

Type  : Fast 1100mV 85C Model Recovery 'Computer_System:The_System|Computer_System_ARM_A9_HPS:arm_a9_hps|Computer_System_ARM_A9_HPS_hps_io:hps_io|Computer_System_ARM_A9_HPS_hps_io_border:border|hps_sdram:hps_sdram_inst|hps_sdram_pll:pll|afi_clk_write_clk'
Slack : 3.727
TNS   : 0.000

Type  : Fast 1100mV 85C Model Recovery 'The_System|system_pll|sys_pll|altera_pll_i|general[0].gpll~PLL_OUTPUT_COUNTER|divclk'
Slack : 5.790
TNS   : 0.000

Type  : Fast 1100mV 85C Model Removal 'Computer_System:The_System|Computer_System_ARM_A9_HPS:arm_a9_hps|Computer_System_ARM_A9_HPS_hps_io:hps_io|Computer_System_ARM_A9_HPS_hps_io_border:border|hps_sdram:hps_sdram_inst|hps_sdram_pll:pll|afi_clk_write_clk'
Slack : 0.497
TNS   : 0.000

Type  : Fast 1100mV 85C Model Removal 'The_System|system_pll|sys_pll|altera_pll_i|general[0].gpll~PLL_OUTPUT_COUNTER|divclk'
Slack : 0.612
TNS   : 0.000

Type  : Fast 1100mV 85C Model Minimum Pulse Width 'Computer_System:The_System|Computer_System_ARM_A9_HPS:arm_a9_hps|Computer_System_ARM_A9_HPS_hps_io:hps_io|Computer_System_ARM_A9_HPS_hps_io_border:border|hps_sdram:hps_sdram_inst|hps_sdram_pll:pll|pll_write_clk_dq_write_clk'
Slack : 0.883
TNS   : 0.000

Type  : Fast 1100mV 85C Model Minimum Pulse Width 'Computer_System:The_System|Computer_System_ARM_A9_HPS:arm_a9_hps|Computer_System_ARM_A9_HPS_hps_io:hps_io|Computer_System_ARM_A9_HPS_hps_io_border:border|hps_sdram:hps_sdram_inst|hps_sdram_pll:pll|afi_clk_write_clk'
Slack : 0.891
TNS   : 0.000

Type  : Fast 1100mV 85C Model Minimum Pulse Width 'The_System|system_pll|sys_pll|altera_pll_i|general[0].gpll~FRACTIONAL_PLL|vcoph[0]'
Slack : 1.000
TNS   : 0.000

Type  : Fast 1100mV 85C Model Minimum Pulse Width 'The_System|vga_subsystem|vga_pll|video_pll|altera_pll_i|general[0].gpll~FRACTIONAL_PLL|vcoph[0]'
Slack : 1.666
TNS   : 0.000

Type  : Fast 1100mV 85C Model Minimum Pulse Width 'The_System|system_pll|sys_pll|altera_pll_i|general[0].gpll~PLL_OUTPUT_COUNTER|divclk'
Slack : 3.883
TNS   : 0.000

Type  : Fast 1100mV 85C Model Minimum Pulse Width 'The_System|system_pll|sys_pll|altera_pll_i|general[1].gpll~PLL_OUTPUT_COUNTER|divclk'
Slack : 4.908
TNS   : 0.000

Type  : Fast 1100mV 85C Model Minimum Pulse Width 'CLOCK_50'
Slack : 8.476
TNS   : 0.000

Type  : Fast 1100mV 85C Model Minimum Pulse Width 'CLOCK2_50'
Slack : 9.336
TNS   : 0.000

Type  : Fast 1100mV 85C Model Minimum Pulse Width 'The_System|vga_subsystem|vga_pll|video_pll|altera_pll_i|general[1].gpll~PLL_OUTPUT_COUNTER|divclk'
Slack : 18.887
TNS   : 0.000

Type  : Fast 1100mV 0C Model Setup 'clk_vga'
Slack : -7.006
TNS   : -172.328

Type  : Fast 1100mV 0C Model Setup 'clk_dram'
Slack : 1.876
TNS   : 0.000

Type  : Fast 1100mV 0C Model Setup 'Computer_System:The_System|Computer_System_ARM_A9_HPS:arm_a9_hps|Computer_System_ARM_A9_HPS_hps_io:hps_io|Computer_System_ARM_A9_HPS_hps_io_border:border|hps_sdram:hps_sdram_inst|hps_sdram_pll:pll|afi_clk_write_clk'
Slack : 2.110
TNS   : 0.000

Type  : Fast 1100mV 0C Model Setup 'The_System|system_pll|sys_pll|altera_pll_i|general[0].gpll~PLL_OUTPUT_COUNTER|divclk'
Slack : 4.509
TNS   : 0.000

Type  : Fast 1100mV 0C Model Setup 'CLOCK_50'
Slack : 4.588
TNS   : 0.000

Type  : Fast 1100mV 0C Model Setup 'The_System|vga_subsystem|vga_pll|video_pll|altera_pll_i|general[1].gpll~PLL_OUTPUT_COUNTER|divclk'
Slack : 37.093
TNS   : 0.000

Type  : Fast 1100mV 0C Model Hold 'The_System|system_pll|sys_pll|altera_pll_i|general[0].gpll~PLL_OUTPUT_COUNTER|divclk'
Slack : -2.094
TNS   : -32.581

Type  : Fast 1100mV 0C Model Hold 'The_System|vga_subsystem|vga_pll|video_pll|altera_pll_i|general[1].gpll~PLL_OUTPUT_COUNTER|divclk'
Slack : 0.011
TNS   : 0.000

Type  : Fast 1100mV 0C Model Hold 'Computer_System:The_System|Computer_System_ARM_A9_HPS:arm_a9_hps|Computer_System_ARM_A9_HPS_hps_io:hps_io|Computer_System_ARM_A9_HPS_hps_io_border:border|hps_sdram:hps_sdram_inst|hps_sdram_pll:pll|afi_clk_write_clk'
Slack : 0.077
TNS   : 0.000

Type  : Fast 1100mV 0C Model Hold 'CLOCK_50'
Slack : 0.133
TNS   : 0.000

Type  : Fast 1100mV 0C Model Hold 'clk_vga'
Slack : 4.045
TNS   : 0.000

Type  : Fast 1100mV 0C Model Hold 'clk_dram'
Slack : 4.776
TNS   : 0.000

Type  : Fast 1100mV 0C Model Recovery 'Computer_System:The_System|Computer_System_ARM_A9_HPS:arm_a9_hps|Computer_System_ARM_A9_HPS_hps_io:hps_io|Computer_System_ARM_A9_HPS_hps_io_border:border|hps_sdram:hps_sdram_inst|hps_sdram_pll:pll|afi_clk_write_clk'
Slack : 3.825
TNS   : 0.000

Type  : Fast 1100mV 0C Model Recovery 'The_System|system_pll|sys_pll|altera_pll_i|general[0].gpll~PLL_OUTPUT_COUNTER|divclk'
Slack : 5.913
TNS   : 0.000

Type  : Fast 1100mV 0C Model Removal 'Computer_System:The_System|Computer_System_ARM_A9_HPS:arm_a9_hps|Computer_System_ARM_A9_HPS_hps_io:hps_io|Computer_System_ARM_A9_HPS_hps_io_border:border|hps_sdram:hps_sdram_inst|hps_sdram_pll:pll|afi_clk_write_clk'
Slack : 0.473
TNS   : 0.000

Type  : Fast 1100mV 0C Model Removal 'The_System|system_pll|sys_pll|altera_pll_i|general[0].gpll~PLL_OUTPUT_COUNTER|divclk'
Slack : 0.528
TNS   : 0.000

Type  : Fast 1100mV 0C Model Minimum Pulse Width 'Computer_System:The_System|Computer_System_ARM_A9_HPS:arm_a9_hps|Computer_System_ARM_A9_HPS_hps_io:hps_io|Computer_System_ARM_A9_HPS_hps_io_border:border|hps_sdram:hps_sdram_inst|hps_sdram_pll:pll|pll_write_clk_dq_write_clk'
Slack : 0.887
TNS   : 0.000

Type  : Fast 1100mV 0C Model Minimum Pulse Width 'Computer_System:The_System|Computer_System_ARM_A9_HPS:arm_a9_hps|Computer_System_ARM_A9_HPS_hps_io:hps_io|Computer_System_ARM_A9_HPS_hps_io_border:border|hps_sdram:hps_sdram_inst|hps_sdram_pll:pll|afi_clk_write_clk'
Slack : 0.894
TNS   : 0.000

Type  : Fast 1100mV 0C Model Minimum Pulse Width 'The_System|system_pll|sys_pll|altera_pll_i|general[0].gpll~FRACTIONAL_PLL|vcoph[0]'
Slack : 1.000
TNS   : 0.000

Type  : Fast 1100mV 0C Model Minimum Pulse Width 'The_System|vga_subsystem|vga_pll|video_pll|altera_pll_i|general[0].gpll~FRACTIONAL_PLL|vcoph[0]'
Slack : 1.666
TNS   : 0.000

Type  : Fast 1100mV 0C Model Minimum Pulse Width 'The_System|system_pll|sys_pll|altera_pll_i|general[0].gpll~PLL_OUTPUT_COUNTER|divclk'
Slack : 3.883
TNS   : 0.000

Type  : Fast 1100mV 0C Model Minimum Pulse Width 'The_System|system_pll|sys_pll|altera_pll_i|general[1].gpll~PLL_OUTPUT_COUNTER|divclk'
Slack : 4.905
TNS   : 0.000

Type  : Fast 1100mV 0C Model Minimum Pulse Width 'CLOCK_50'
Slack : 8.432
TNS   : 0.000

Type  : Fast 1100mV 0C Model Minimum Pulse Width 'CLOCK2_50'
Slack : 9.286
TNS   : 0.000

Type  : Fast 1100mV 0C Model Minimum Pulse Width 'The_System|vga_subsystem|vga_pll|video_pll|altera_pll_i|general[1].gpll~PLL_OUTPUT_COUNTER|divclk'
Slack : 18.888
TNS   : 0.000

------------------------------------------------------------
Info: see the "DDR report" for DDR timing results
------------------------------------------------------------
------------------------------------------------------------
